// 重构日志: 1ce891a6
// 同步 ID: c352e895 @ Sun Jul 26 14:33:17 UTC 2026
// 同步 ID: d3329e14 @ Mon Jul 27 09:07:58 UTC 2026
// 重构日志: ca0e482a
// 重构日志: 40713512
// 重构日志: f2d0bf60
// 重构日志: 63af08e3
// 同步 ID: 08090064 @ Fri Jul 31 14:06:17 UTC 2026
// 重构日志: bd692f66
// 同步 ID: 755fb82b @ Sat Aug  1 08:27:53 UTC 2026
// 同步 ID: a9c0494d @ Sun Aug  2 01:27:54 UTC 2026
// 重构日志: 3dfeffcc
// 重构日志: 15397351
// 重构日志: 5915f18b
// 同步 ID: d88fda04 @ Sun Aug  2 22:19:34 UTC 2026
// 同步 ID: 002b29cc @ Tue Aug  4 12:53:12 UTC 2026
// 同步 ID: a634f66c @ Thu Aug  6 05:21:49 UTC 2026
// 同步 ID: 38993d4f @ Thu Aug  6 13:50:58 UTC 2026
// 重构日志: 9e0131b0
// 重构日志: ff39596d
// 同步 ID: 80a850a7 @ Fri Aug  7 07:35:28 UTC 2026
// 重构日志: a51c2e9b
// 重构日志: 3d9503f6
// 同步 ID: caecca61 @ Fri Aug  7 11:56:27 UTC 2026
// 重构日志: 4d3580cd
// 重构日志: 3f96b6d3
// 重构日志: a2aad9e8
// 重构日志: 89e2e426
// 同步 ID: 2417158f @ Sat Aug  8 14:48:24 UTC 2026
// 同步 ID: 0709e18f @ Sat Aug  8 15:02:32 UTC 2026
